node.exe : npm warn Unknown project config 
"public-hoist-pattern". This will stop working in the next 
major version of npm. See `npm help npmrc` for supported 
config options.
At line:1 char:1
+ & "C:\Program Files\nodejs/node.exe" 
"C:\Users\Alvin\AppData\Roaming\ ...
+ ~~~~~~~~~~~~~~~~~~~~~~~~~~~~~~~~~~~~~~~~~~~~~~~~~~~~~~~~~~
~~~~~~~~~~~
    + CategoryInfo          : NotSpecified: (npm warn Unkno 
   w...config options.:String) [], RemoteException
    + FullyQualifiedErrorId : NativeCommandError
 

> build
> vite build

[36mvite v7.3.1 [32mbuilding client environment for production...[36m[39m
transforming...
[32mΓ£ô[39m 3511 modules transformed.
rendering chunks...
computing gzip size...
[2mpublic/build/[22m[32mmanifest.json                                                             [39m[1m[2m 88.20 kB[22m[1m[22m[2m Γöé gzip:  5.27 kB[22m
[2mpublic/build/[22m[35massets/Input-D4IyHWhM.css                                                 [39m[1m[2m  0.10 kB[22m[1m[22m[2m Γöé gzip:  0.09 kB[22m
[2mpublic/build/[22m[35massets/Index-D37r690M.css                                                 [39m[1m[2m  0.31 kB[22m[1m[22m[2m Γöé gzip:  0.18 kB[22m
[2mpublic/build/[22m[35massets/Index-Ct9qXo9S.css                                                 [39m[1m[2m  0.72 kB[22m[1m[22m[2m Γöé gzip:  0.27 kB[22m
[2mpublic/build/[22m[35massets/Preview-C_u6tcnT.css                                               [39m[1m[2m  2.09 kB[22m[1m[22m[2m Γöé gzip:  0.70 kB[22m
[2mpublic/build/[22m[35massets/Preview-3uFTbB-E.css                                               [39m[1m[2m  2.63 kB[22m[1m[22m[2m Γöé gzip:  0.77 kB[22m
[2mpublic/build/[22m[35massets/FullCalendar-WZENJl_j.css                                          [39m[1m[2m  4.87 kB[22m[1m[22m[2m Γöé gzip:  0.76 kB[22m
[2mpublic/build/[22m[35massets/AppLayout-DppCjOAl.css                                             [39m[1m[2m 15.46 kB[22m[1m[22m[2m Γöé gzip:  3.11 kB[22m
[2mpublic/build/[22m[35massets/app-w_mjGJIl.css                                                   [39m[1m[2m164.36 kB[22m[1m[22m[2m Γöé gzip: 25.36 kB[22m
[2mpublic/build/[22m[36massets/_plugin-vue_export-helper-DlAUqK2U.js                              [39m[1m[2m  0.09 kB[22m[1m[22m[2m Γöé gzip:  0.10 kB[22m
[2mpublic/build/[22m[36massets/index-BeRETRWw.js                                                  [39m[1m[2m  0.27 kB[22m[1m[22m[2m Γöé gzip:  0.20 kB[22m
[2mpublic/build/[22m[36massets/AppLogoIcon.vue_vue_type_script_setup_true_lang-Dfsj1ZPZ.js        [39m[1m[2m  0.27 kB[22m[1m[22m[2m Γöé gzip:  0.23 kB[22m
[2mpublic/build/[22m[36massets/index-ChtTq2m3.js                                                  [39m[1m[2m  0.27 kB[22m[1m[22m[2m Γöé gzip:  0.20 kB[22m
[2mpublic/build/[22m[36massets/CardDescription.vue_vue_type_script_setup_true_lang-BHcFdeG1.js    [39m[1m[2m  0.35 kB[22m[1m[22m[2m Γöé gzip:  0.27 kB[22m
[2mpublic/build/[22m[36massets/Spinner.vue_vue_type_script_setup_true_lang-_TERa84i.js            [39m[1m[2m  0.36 kB[22m[1m[22m[2m Γöé gzip:  0.28 kB[22m
[2mpublic/build/[22m[36massets/DialogFooter.vue_vue_type_script_setup_true_lang-1XMA8vL4.js       [39m[1m[2m  0.37 kB[22m[1m[22m[2m Γöé gzip:  0.28 kB[22m
[2mpublic/build/[22m[36massets/ListFiltersBar-Dg3Yi-hq.js                                         [39m[1m[2m  0.38 kB[22m[1m[22m[2m Γöé gzip:  0.29 kB[22m
[2mpublic/build/[22m[36massets/TextLink.vue_vue_type_script_setup_true_lang-C_qcpx5M.js           [39m[1m[2m  0.45 kB[22m[1m[22m[2m Γöé gzip:  0.32 kB[22m
[2mpublic/build/[22m[36massets/AlertError.vue_vue_type_script_setup_true_lang-DhI6BYRo.js         [39m[1m[2m  0.69 kB[22m[1m[22m[2m Γöé gzip:  0.45 kB[22m
[2mpublic/build/[22m[36massets/useForwardPropsEmits-CNMvZOFa.js                                   [39m[1m[2m  0.71 kB[22m[1m[22m[2m Γöé gzip:  0.42 kB[22m
[2mpublic/build/[22m[36massets/Index-Cyxjn26d.js                                                  [39m[1m[2m  0.78 kB[22m[1m[22m[2m Γöé gzip:  0.40 kB[22m
[2mpublic/build/[22m[36massets/Index-BVvui6Hh.js                                                  [39m[1m[2m  0.87 kB[22m[1m[22m[2m Γöé gzip:  0.46 kB[22m
[2mpublic/build/[22m[36massets/index-DtVzZrlX.js                                                  [39m[1m[2m  0.93 kB[22m[1m[22m[2m Γöé gzip:  0.39 kB[22m
[2mpublic/build/[22m[36massets/AppearanceTabs.vue_vue_type_script_setup_true_lang-CsB7aoM6.js     [39m[1m[2m  0.96 kB[22m[1m[22m[2m Γöé gzip:  0.59 kB[22m
[2mpublic/build/[22m[36massets/useForwardExpose-8PpIY5AU.js                                       [39m[1m[2m  1.04 kB[22m[1m[22m[2m Γöé gzip:  0.51 kB[22m
[2mpublic/build/[22m[36massets/index-DJeYB-Hz.js                                                  [39m[1m[2m  1.05 kB[22m[1m[22m[2m Γöé gzip:  0.32 kB[22m
[2mpublic/build/[22m[36massets/CardTitle.vue_vue_type_script_setup_true_lang-Beg6eVjT.js          [39m[1m[2m  1.10 kB[22m[1m[22m[2m Γöé gzip:  0.47 kB[22m
[2mpublic/build/[22m[36massets/Label.vue_vue_type_script_setup_true_lang-BNe8x_0G.js              [39m[1m[2m  1.10 kB[22m[1m[22m[2m Γöé gzip:  0.61 kB[22m
[2mpublic/build/[22m[36massets/index-DE4duBNV.js                                                  [39m[1m[2m  1.11 kB[22m[1m[22m[2m Γöé gzip:  0.65 kB[22m
[2mpublic/build/[22m[36massets/index-BxWaH8OM.js                                                  [39m[1m[2m  1.32 kB[22m[1m[22m[2m Γöé gzip:  0.61 kB[22m
[2mpublic/build/[22m[36massets/Appearance-DiPZ43jb.js                                             [39m[1m[2m  1.32 kB[22m[1m[22m[2m Γöé gzip:  0.67 kB[22m
[2mpublic/build/[22m[36massets/Input-DTaN7W-9.js                                                  [39m[1m[2m  1.33 kB[22m[1m[22m[2m Γöé gzip:  0.72 kB[22m
[2mpublic/build/[22m[36massets/PasswordInput.vue_vue_type_script_setup_true_lang-GsH_q8Pq.js      [39m[1m[2m  1.45 kB[22m[1m[22m[2m Γöé gzip:  0.77 kB[22m
[2mpublic/build/[22m[36massets/VerifyEmail-BkFUW7TC.js                                            [39m[1m[2m  1.47 kB[22m[1m[22m[2m Γöé gzip:  0.79 kB[22m
[2mpublic/build/[22m[36massets/Index-DSMD5VT6.js                                                  [39m[1m[2m  1.48 kB[22m[1m[22m[2m Γöé gzip:  0.76 kB[22m
[2mpublic/build/[22m[36massets/Index-Jfcho-QD.js                                                  [39m[1m[2m  1.48 kB[22m[1m[22m[2m Γöé gzip:  0.76 kB[22m
[2mpublic/build/[22m[36massets/Index-uI072YnL.js                                                  [39m[1m[2m  1.48 kB[22m[1m[22m[2m Γöé gzip:  0.76 kB[22m
[2mpublic/build/[22m[36massets/TableUserCell.vue_vue_type_script_setup_true_lang-bk0zT4Fb.js      [39m[1m[2m  1.55 kB[22m[1m[22m[2m Γöé gzip:  0.82 kB[22m
[2mpublic/build/[22m[36massets/Index-CcZQPWsI.js                                                  [39m[1m[2m  1.60 kB[22m[1m[22m[2m Γöé gzip:  0.87 kB[22m
[2mpublic/build/[22m[36massets/Welcome-YG-HTrDo.js                                                [39m[1m[2m  1.63 kB[22m[1m[22m[2m Γöé gzip:  0.80 kB[22m
[2mpublic/build/[22m[36massets/LegendPopover.vue_vue_type_script_setup_true_lang-By08wGV2.js      [39m[1m[2m  1.63 kB[22m[1m[22m[2m Γöé gzip:  0.86 kB[22m
[2mpublic/build/[22m[36massets/Index-D9LmG5Oo.js                                                  [39m[1m[2m  1.64 kB[22m[1m[22m[2m Γöé gzip:  0.89 kB[22m
[2mpublic/build/[22m[36massets/index-DEgWVOV1.js                                                  [39m[1m[2m  1.65 kB[22m[1m[22m[2m Γöé gzip:  0.53 kB[22m
[2mpublic/build/[22m[36massets/ConfirmPassword-CaMaussH.js                                        [39m[1m[2m  1.93 kB[22m[1m[22m[2m Γöé gzip:  0.99 kB[22m
[2mpublic/build/[22m[36massets/SectionCard.vue_vue_type_script_setup_true_lang-BJmgtqXW.js        [39m[1m[2m  2.06 kB[22m[1m[22m[2m Γöé gzip:  0.86 kB[22m
[2mpublic/build/[22m[36massets/Dashboard-2u5rnq7N.js                                              [39m[1m[2m  2.08 kB[22m[1m[22m[2m Γöé gzip:  0.96 kB[22m
[2mpublic/build/[22m[36massets/SettingsContent.vue_vue_type_script_setup_true_lang-BsqhrGPV.js    [39m[1m[2m  2.36 kB[22m[1m[22m[2m Γöé gzip:  1.01 kB[22m
[2mpublic/build/[22m[36massets/RovingFocusGroup-BIWs-puH.js                                       [39m[1m[2m  2.79 kB[22m[1m[22m[2m Γöé gzip:  1.34 kB[22m
[2mpublic/build/[22m[36massets/useFormControl-Ce16rKN-.js                                         [39m[1m[2m  2.83 kB[22m[1m[22m[2m Γöé gzip:  1.24 kB[22m
[2mpublic/build/[22m[36massets/Pagination.vue_vue_type_script_setup_true_lang-COK0Ru3h.js         [39m[1m[2m  3.05 kB[22m[1m[22m[2m Γöé gzip:  1.11 kB[22m
[2mpublic/build/[22m[36massets/ResetPassword-TbxdKIEN.js                                          [39m[1m[2m  3.10 kB[22m[1m[22m[2m Γöé gzip:  1.38 kB[22m
[2mpublic/build/[22m[36massets/ForgotPassword-DjrTQK-s.js                                         [39m[1m[2m  3.24 kB[22m[1m[22m[2m Γöé gzip:  1.50 kB[22m
[2mpublic/build/[22m[36massets/Password-ChAS3pxb.js                                               [39m[1m[2m  3.30 kB[22m[1m[22m[2m Γöé gzip:  1.39 kB[22m
[2mpublic/build/[22m[36massets/ForceChangePassword-CGM2kyWh.js                                    [39m[1m[2m  3.36 kB[22m[1m[22m[2m Γöé gzip:  1.46 kB[22m
[2mpublic/build/[22m[36massets/Index-By9wdFw-.js                                                  [39m[1m[2m  3.40 kB[22m[1m[22m[2m Γöé gzip:  1.61 kB[22m
[2mpublic/build/[22m[36massets/Index-ClYzxLCh.js                                                  [39m[1m[2m  3.56 kB[22m[1m[22m[2m Γöé gzip:  1.62 kB[22m
[2mpublic/build/[22m[36massets/DialogTitle.vue_vue_type_script_setup_true_lang-LF3rWfI_.js        [39m[1m[2m  3.60 kB[22m[1m[22m[2m Γöé gzip:  1.42 kB[22m
[2mpublic/build/[22m[36massets/TwoFactorChallenge-BPI-p5Qv.js                                     [39m[1m[2m  3.79 kB[22m[1m[22m[2m Γöé gzip:  1.50 kB[22m
[2mpublic/build/[22m[36massets/NotificationCard.vue_vue_type_script_setup_true_lang-ClJ5g_-u.js   [39m[1m[2m  4.10 kB[22m[1m[22m[2m Γöé gzip:  1.74 kB[22m
[2mpublic/build/[22m[36massets/Index-FPZXDgyB.js                                                  [39m[1m[2m  4.35 kB[22m[1m[22m[2m Γöé gzip:  1.87 kB[22m
[2mpublic/build/[22m[36massets/useOrgUnitSelectors-DURbaCqR.js                                    [39m[1m[2m  4.52 kB[22m[1m[22m[2m Γöé gzip:  1.69 kB[22m
[2mpublic/build/[22m[36massets/Index-DmVZbkEU.js                                                  [39m[1m[2m  4.54 kB[22m[1m[22m[2m Γöé gzip:  1.86 kB[22m
[2mpublic/build/[22m[36massets/Login-DoARSxLb.js                                                  [39m[1m[2m  4.58 kB[22m[1m[22m[2m Γöé gzip:  1.93 kB[22m
[2mpublic/build/[22m[36massets/Show-CS-1IRnl.js                                                   [39m[1m[2m  4.61 kB[22m[1m[22m[2m Γöé gzip:  1.68 kB[22m
[2mpublic/build/[22m[36massets/Index-DnGTPHl5.js                                                  [39m[1m[2m  4.76 kB[22m[1m[22m[2m Γöé gzip:  1.99 kB[22m
[2mpublic/build/[22m[36massets/Index-D2PvMQ70.js                                                  [39m[1m[2m  4.82 kB[22m[1m[22m[2m Γöé gzip:  2.03 kB[22m
[2mpublic/build/[22m[36massets/Index-BHOaa9Xz.js                                                  [39m[1m[2m  4.85 kB[22m[1m[22m[2m Γöé gzip:  2.03 kB[22m
[2mpublic/build/[22m[36massets/CustomReport-cokjCL1t.js                                           [39m[1m[2m  5.02 kB[22m[1m[22m[2m Γöé gzip:  2.02 kB[22m
[2mpublic/build/[22m[36massets/Index-DnNSFfb3.js                                                  [39m[1m[2m  5.06 kB[22m[1m[22m[2m Γöé gzip:  2.26 kB[22m
[2mpublic/build/[22m[36massets/Index-DdqKjKno.js                                                  [39m[1m[2m  5.06 kB[22m[1m[22m[2m Γöé gzip:  2.26 kB[22m
[2mpublic/build/[22m[36massets/Index-BaGXLPmB.js                                                  [39m[1m[2m  5.10 kB[22m[1m[22m[2m Γöé gzip:  2.19 kB[22m
[2mpublic/build/[22m[36massets/Index-vh-otYa3.js                                                  [39m[1m[2m  5.15 kB[22m[1m[22m[2m Γöé gzip:  2.10 kB[22m
[2mpublic/build/[22m[36massets/AuthLayout.vue_vue_type_script_setup_true_lang-BCbCGFnz.js         [39m[1m[2m  5.17 kB[22m[1m[22m[2m Γöé gzip:  1.77 kB[22m
[2mpublic/build/[22m[36massets/PostsSearchBar.vue_vue_type_script_setup_true_lang-Ppd4DNjx.js     [39m[1m[2m  5.21 kB[22m[1m[22m[2m Γöé gzip:  2.15 kB[22m
[2mpublic/build/[22m[36massets/Edit-CjZuhBXh.js                                                   [39m[1m[2m  5.69 kB[22m[1m[22m[2m Γöé gzip:  2.05 kB[22m
[2mpublic/build/[22m[36massets/FullCalendar-Caky9qQL.js                                           [39m[1m[2m  5.73 kB[22m[1m[22m[2m Γöé gzip:  2.28 kB[22m
[2mpublic/build/[22m[36massets/Dashboard-DL7wtOOg.js                                              [39m[1m[2m  5.74 kB[22m[1m[22m[2m Γöé gzip:  2.36 kB[22m
[2mpublic/build/[22m[36massets/Index-ISN9MG9A.js                                                  [39m[1m[2m  5.81 kB[22m[1m[22m[2m Γöé gzip:  2.37 kB[22m
[2mpublic/build/[22m[36massets/VisuallyHidden-BQsQg-g-.js                                         [39m[1m[2m  6.09 kB[22m[1m[22m[2m Γöé gzip:  2.76 kB[22m
[2mpublic/build/[22m[36massets/PostComposer.vue_vue_type_script_setup_true_lang-ClBzu08d.js       [39m[1m[2m  6.36 kB[22m[1m[22m[2m Γöé gzip:  2.30 kB[22m
[2mpublic/build/[22m[36massets/Index-Dx4wpZgl.js                                                  [39m[1m[2m  6.76 kB[22m[1m[22m[2m Γöé gzip:  2.40 kB[22m
[2mpublic/build/[22m[36massets/Layout.vue_vue_type_script_setup_true_lang-C3-Gvns6.js             [39m[1m[2m  6.84 kB[22m[1m[22m[2m Γöé gzip:  2.18 kB[22m
[2mpublic/build/[22m[36massets/Index-BByiPkTD.js                                                  [39m[1m[2m  7.29 kB[22m[1m[22m[2m Γöé gzip:  2.36 kB[22m
[2mpublic/build/[22m[36massets/Profile-BW16tntu.js                                                [39m[1m[2m  7.92 kB[22m[1m[22m[2m Γöé gzip:  2.92 kB[22m
[2mpublic/build/[22m[36massets/Dashboard-CEgiZzou.js                                              [39m[1m[2m  8.02 kB[22m[1m[22m[2m Γöé gzip:  2.72 kB[22m
[2mpublic/build/[22m[36massets/Checkbox.vue_vue_type_script_setup_true_lang-BoBj7hQA.js           [39m[1m[2m  8.28 kB[22m[1m[22m[2m Γöé gzip:  3.08 kB[22m
[2mpublic/build/[22m[36massets/Input.vue_vue_type_style_index_0_scoped_1dd2e2b3_lang-R8sZjTjZ.js  [39m[1m[2m  8.37 kB[22m[1m[22m[2m Γöé gzip:  3.75 kB[22m
[2mpublic/build/[22m[36massets/Index-DCyFKPv3.js                                                  [39m[1m[2m  9.09 kB[22m[1m[22m[2m Γöé gzip:  3.06 kB[22m
[2mpublic/build/[22m[36massets/Dashboard-ljOyAO8C.js                                              [39m[1m[2m 11.60 kB[22m[1m[22m[2m Γöé gzip:  3.46 kB[22m
[2mpublic/build/[22m[36massets/Index-CeFVGH_o.js                                                  [39m[1m[2m 11.74 kB[22m[1m[22m[2m Γöé gzip:  2.61 kB[22m
[2mpublic/build/[22m[36massets/Leave-McQF4-nE.js                                                  [39m[1m[2m 11.83 kB[22m[1m[22m[2m Γöé gzip:  3.42 kB[22m
[2mpublic/build/[22m[36massets/TwoFactor-BxIuQR3f.js                                              [39m[1m[2m 12.62 kB[22m[1m[22m[2m Γöé gzip:  4.53 kB[22m
[2mpublic/build/[22m[36massets/Index-Bm33l9Iv.js                                                  [39m[1m[2m 12.80 kB[22m[1m[22m[2m Γöé gzip:  3.90 kB[22m
[2mpublic/build/[22m[36massets/Index-CEjumsDm.js                                                  [39m[1m[2m 13.18 kB[22m[1m[22m[2m Γöé gzip:  4.23 kB[22m
[2mpublic/build/[22m[36massets/Index-DavhfZZ-.js                                                  [39m[1m[2m 13.20 kB[22m[1m[22m[2m Γöé gzip:  4.23 kB[22m
[2mpublic/build/[22m[36massets/Index-BruE8F_m.js                                                  [39m[1m[2m 14.19 kB[22m[1m[22m[2m Γöé gzip:  3.92 kB[22m
[2mpublic/build/[22m[36massets/InputOTPSlot.vue_vue_type_script_setup_true_lang-DNvFSGvs.js       [39m[1m[2m 14.60 kB[22m[1m[22m[2m Γöé gzip:  5.75 kB[22m
[2mpublic/build/[22m[36massets/Index-BFslqCb7.js                                                  [39m[1m[2m 14.99 kB[22m[1m[22m[2m Γöé gzip:  4.46 kB[22m
[2mpublic/build/[22m[36massets/Index-DHuj9g8g.js                                                  [39m[1m[2m 15.02 kB[22m[1m[22m[2m Γöé gzip:  4.47 kB[22m
[2mpublic/build/[22m[36massets/Index-BmvTud3A.js                                                  [39m[1m[2m 15.07 kB[22m[1m[22m[2m Γöé gzip:  4.51 kB[22m
[2mpublic/build/[22m[36massets/Register-Av4emjkz.js                                               [39m[1m[2m 15.08 kB[22m[1m[22m[2m Γöé gzip:  4.45 kB[22m
[2mpublic/build/[22m[36massets/Preview-BYJZKROE.js                                                [39m[1m[2m 15.63 kB[22m[1m[22m[2m Γöé gzip:  4.35 kB[22m
[2mpublic/build/[22m[36massets/Index-BQZIUTD-.js                                                  [39m[1m[2m 15.81 kB[22m[1m[22m[2m Γöé gzip:  3.66 kB[22m
[2mpublic/build/[22m[36massets/Index-qfK23y1d.js                                                  [39m[1m[2m 16.82 kB[22m[1m[22m[2m Γöé gzip:  4.58 kB[22m
[2mpublic/build/[22m[36massets/Index-DFPy8OLL.js                                                  [39m[1m[2m 17.87 kB[22m[1m[22m[2m Γöé gzip:  4.98 kB[22m
[2mpublic/build/[22m[36massets/Index-ATvQ5DBD.js                                                  [39m[1m[2m 19.61 kB[22m[1m[22m[2m Γöé gzip:  5.41 kB[22m
[2mpublic/build/[22m[36massets/Index-DtAGtlQ2.js                                                  [39m[1m[2m 20.45 kB[22m[1m[22m[2m Γöé gzip:  6.09 kB[22m
[2mpublic/build/[22m[36massets/Preview-BIEMO5rO.js                                                [39m[1m[2m 20.75 kB[22m[1m[22m[2m Γöé gzip:  5.12 kB[22m
[2mpublic/build/[22m[36massets/icons-DViXPyMu.js                                                  [39m[1m[2m 21.24 kB[22m[1m[22m[2m Γöé gzip:  7.04 kB[22m
[2mpublic/build/[22m[36massets/Index-Crz9q6kc.js                                                  [39m[1m[2m 23.33 kB[22m[1m[22m[2m Γöé gzip:  5.41 kB[22m
[2mpublic/build/[22m[36massets/Index-Bf7NArNi.js                                                  [39m[1m[2m 24.06 kB[22m[1m[22m[2m Γöé gzip:  6.54 kB[22m
[2mpublic/build/[22m[36massets/Index-DtoZPNc1.js                                                  [39m[1m[2m 26.25 kB[22m[1m[22m[2m Γöé gzip:  6.73 kB[22m
[2mpublic/build/[22m[36massets/index-BPX1K9G5.js                                                  [39m[1m[2m 30.02 kB[22m[1m[22m[2m Γöé gzip:  9.85 kB[22m
[2mpublic/build/[22m[36massets/SelectValue.vue_vue_type_script_setup_true_lang-DqgS8mW_.js        [39m[1m[2m 30.27 kB[22m[1m[22m[2m Γöé gzip:  8.86 kB[22m
[2mpublic/build/[22m[36massets/Index-BJfT9kn-.js                                                  [39m[1m[2m 39.38 kB[22m[1m[22m[2m Γöé gzip:  9.31 kB[22m
[2mpublic/build/[22m[36massets/Index-JFMrR9oK.js                                                  [39m[1m[2m 40.98 kB[22m[1m[22m[2m Γöé gzip:  9.87 kB[22m
[2mpublic/build/[22m[36massets/PopperContent-bCk6uZOZ.js                                          [39m[1m[2m 41.27 kB[22m[1m[22m[2m Γöé gzip: 15.10 kB[22m
[2mpublic/build/[22m[36massets/Index.vue_vue_type_style_index_0_lang-Xctztf_Y.js                  [39m[1m[2m 57.29 kB[22m[1m[22m[2m Γöé gzip: 13.91 kB[22m
[2mpublic/build/[22m[36massets/Index-BJLyny-M.js                                                  [39m[1m[2m 67.69 kB[22m[1m[22m[2m Γöé gzip: 12.52 kB[22m
[2mpublic/build/[22m[36massets/realtime-B34Ojumx.js                                               [39m[1m[2m166.83 kB[22m[1m[22m[2m Γöé gzip: 57.49 kB[22m
[2mpublic/build/[22m[36massets/AppLayout.vue_vue_type_script_setup_true_lang-7pYOzcmj.js          [39m[1m[2m172.82 kB[22m[1m[22m[2m Γöé gzip: 37.67 kB[22m
[2mpublic/build/[22m[36massets/app-Cy2AzE5E.js                                                    [39m[1m[2m200.86 kB[22m[1m[22m[2m Γöé gzip: 66.08 kB[22m
[2mpublic/build/[22m[36massets/fullcalendar-D8Jf2EE6.js                                           [39m[1m[2m272.22 kB[22m[1m[22m[2m Γöé gzip: 80.13 kB[22m
[32mΓ£ô built in 33.16s[39m
