node.exe : npm warn Unknown project config 
"public-hoist-pattern". This will stop working in the next 
major version of npm. See `npm help npmrc` for supported 
config options.
At line:1 char:1
+ & "C:\Program Files\nodejs/node.exe" 
"C:\Users\Alvin\AppData\Roaming\ ...
+ ~~~~~~~~~~~~~~~~~~~~~~~~~~~~~~~~~~~~~~~~~~~~~~~~~~~~~~~~~~
~~~~~~~~~~~
    + CategoryInfo          : NotSpecified: (npm warn Unkno 
   w...config options.:String) [], RemoteException
    + FullyQualifiedErrorId : NativeCommandError
 

> build
> vite build

[36mvite v7.3.1 [32mbuilding client environment for production...[36m[39m
transforming...
[32mΓ£ô[39m 4 modules transformed.
[31mΓ£ù[39m Build failed in 349ms
[31merror during build:
[31m[vite:vue] [plugin vite:vue] 
resources/js/pages/Employee/PDS/Index.vue (188:22): Element 
is missing end tag.[31m
file: [36mC:/Users/Alvin/Documents/@@OJT/systems/hris_app/r
esources/js/pages/Employee/PDS/Index.vue:188:22[31m
SyntaxError: [plugin vite:vue] 
resources/js/pages/Employee/PDS/Index.vue (188:22): Element 
is missing end tag.
    at createCompilerError (C:\Users\Alvin\Documents\@@OJT\s
ystems\hris_app\node_modules\@vue\compiler-core\dist\compile
r-core.cjs.prod.js:1374:17)
    at emitError (C:\Users\Alvin\Documents\@@OJT\systems\hri
s_app\node_modules\@vue\compiler-core\dist\compiler-core.cjs
.prod.js:2980:5)
    at Object.onend (C:\Users\Alvin\Documents\@@OJT\systems\
hris_app\node_modules\@vue\compiler-core\dist\compiler-core.
cjs.prod.js:2612:7)
    at Tokenizer.finish (C:\Users\Alvin\Documents\@@OJT\syst
ems\hris_app\node_modules\@vue\compiler-core\dist\compiler-c
ore.cjs.prod.js:1246:14)
    at Tokenizer.parse (C:\Users\Alvin\Documents\@@OJT\syste
ms\hris_app\node_modules\@vue\compiler-core\dist\compiler-co
re.cjs.prod.js:1224:10)
    at Object.baseParse (C:\Users\Alvin\Documents\@@OJT\syst
ems\hris_app\node_modules\@vue\compiler-core\dist\compiler-c
ore.cjs.prod.js:3012:13)
    at Object.parse (C:\Users\Alvin\Documents\@@OJT\systems\
hris_app\node_modules\@vue\compiler-dom\dist\compiler-dom.cj
s.prod.js:665:23)
    at Object.parse$1 [as parse] (C:\Users\Alvin\Documents\@
@OJT\systems\hris_app\node_modules\@vue\compiler-sfc\dist\co
mpiler-sfc.cjs.js:1824:24)
    at createDescriptor (file:///C:/Users/Alvin/Documents/@@
OJT/systems/hris_app/node_modules/@vitejs/plugin-vue/dist/in
dex.mjs:54:42)
    at transformMain (file:///C:/Users/Alvin/Documents/@@OJT
/systems/hris_app/node_modules/@vitejs/plugin-vue/dist/index
.mjs:1319:33)[39m
